producer_class	xtools.gsea.GseaPreranked
producer_timestamp	1766174441767
param	rpt_label	my_analysis
param	rnd_seed	timestamp
param	set_min	15
param	zip_report	false
param	create_svgs	false
param	scoring_scheme	weighted
param	rnk	/home/hdlab/Documents/Sumedha/dinh-lab-cnmf/s1_k8_vs_k9_high-corr-geps/GEP2_vs_GEP6_residuals.rnk
param	norm	meandiv
param	out	/home/hdlab/gsea_home/output/dec19
param	mode	Abs_max_of_probes
param	include_only_symbols	true
param	help	false
param	set_max	500
param	gmx	ftp.broadinstitute.org://pub/gsea/msigdb/human/gene_sets/c5.go.bp.v2025.1.Hs.symbols.gmt
param	make_sets	true
param	plot_top_x	20
param	gui	false
param	nperm	1000
param	collapse	No_Collapse

file	/home/hdlab/gsea_home/output/dec19/my_analysis.GseaPreranked.1766174441767/index.html
